INFO: Initializing raylib 5.5
INFO: Platform backend: DESKTOP (GLFW)
INFO: Supported raylib modules:
INFO:     > rcore:..... loaded (mandatory)
INFO:     > rlgl:...... loaded (mandatory)
INFO:     > rshapes:... loaded (optional)
INFO:     > rtextures:. loaded (optional)
INFO:     > rtext:..... loaded (optional)
INFO:     > rmodels:... loaded (optional)
INFO:     > raudio:.... loaded (optional)
INFO: DISPLAY: Trying to enable MSAA x4
INFO: DISPLAY: Device initialized successfully
INFO:     > Display size: 1710 x 1107
INFO:     > Screen size:  1280 x 720
INFO:     > Render size:  1280 x 720
INFO:     > Viewport offsets: 0, 0
INFO: GLAD: OpenGL extensions loaded successfully
INFO: GL: Supported extensions count: 43
INFO: GL: OpenGL device information:
INFO:     > Vendor:   Apple
INFO:     > Renderer: Apple M5
INFO:     > Version:  4.1 Metal - 90.5
INFO:     > GLSL:     4.10
INFO: GL: VAO extension detected, VAO functions loaded successfully
INFO: GL: NPOT textures extension detected, full NPOT textures supported
INFO: GL: DXT compressed textures supported
INFO: PLATFORM: DESKTOP (GLFW - Cocoa): Initialized successfully
INFO: TEXTURE: [ID 1] Texture loaded successfully (1x1 | R8G8B8A8 | 1 mipmaps)
INFO: TEXTURE: [ID 1] Default texture loaded successfully
INFO: SHADER: [ID 1] Vertex shader compiled successfully
INFO: SHADER: [ID 2] Fragment shader compiled successfully
INFO: SHADER: [ID 3] Program shader loaded successfully
INFO: SHADER: [ID 3] Default shader loaded successfully
INFO: RLGL: Render batch vertex buffers loaded successfully in RAM (CPU)
INFO: RLGL: Render batch vertex buffers loaded successfully in VRAM (GPU)
INFO: RLGL: Default OpenGL state initialized successfully
INFO: TEXTURE: [ID 2] Texture loaded successfully (128x128 | GRAY_ALPHA | 1 mipmaps)
INFO: FONT: Default font loaded successfully (224 glyphs)
INFO: SYSTEM: Working Directory: /Users/oz/AIStuff/MissleCommand/MissileCommandOverdrive
INFO: TIMER: Target time per frame: 16.667 milliseconds
INFO: AUDIO: Device initialized successfully
INFO:     > Backend:       miniaudio | Core Audio
INFO:     > Format:        32-bit IEEE Floating Point -> 32-bit IEEE Floating Point
INFO:     > Channels:      2 -> 2
INFO:     > Sample rate:   48000 -> 48000
INFO:     > Periods size:  1440
INFO: STREAM: Initialized successfully (44100 Hz, 16 bit, Stereo)
INFO: TEXTURE: [ID 3] Texture loaded successfully (1280x720 | R16G16B16A16 | 1 mipmaps)
INFO: TEXTURE: [ID 1] Depth renderbuffer loaded successfully (32 bits)
INFO: TEXTURE: [ID 4] Texture loaded successfully (640x360 | R16G16B16A16 | 1 mipmaps)
INFO: TEXTURE: [ID 2] Depth renderbuffer loaded successfully (32 bits)
INFO: TEXTURE: [ID 5] Texture loaded successfully (320x180 | R16G16B16A16 | 1 mipmaps)
INFO: TEXTURE: [ID 3] Depth renderbuffer loaded successfully (32 bits)
INFO: TEXTURE: [ID 6] Texture loaded successfully (160x90 | R16G16B16A16 | 1 mipmaps)
INFO: TEXTURE: [ID 4] Depth renderbuffer loaded successfully (32 bits)
INFO: TEXTURE: [ID 7] Texture loaded successfully (80x45 | R16G16B16A16 | 1 mipmaps)
INFO: TEXTURE: [ID 5] Depth renderbuffer loaded successfully (32 bits)
INFO: TEXTURE: [ID 8] Texture loaded successfully (320x180 | R8G8B8A8 | 1 mipmaps)
INFO: TEXTURE: [ID 6] Depth renderbuffer loaded successfully (32 bits)
INFO: FBO: [ID 6] Framebuffer object created successfully
INFO: SHADER: [ID 4] Fragment shader compiled successfully
INFO: SHADER: [ID 5] Program shader loaded successfully
INFO: SHADER: [ID 4] Fragment shader compiled successfully
INFO: SHADER: [ID 6] Program shader loaded successfully
INFO: SHADER: [ID 4] Fragment shader compiled successfully
INFO: SHADER: [ID 7] Program shader loaded successfully
INFO: SHADER: [ID 4] Fragment shader compiled successfully
INFO: SHADER: [ID 8] Program shader loaded successfully
INFO: TEXTURE: [ID 9] Texture loaded successfully (160x160 | R8G8B8A8 | 1 mipmaps)
INFO: TEXTURE: [ID 10] Texture loaded successfully (128x128 | R8G8B8A8 | 1 mipmaps)
INFO: TEXTURE: [ID 11] Texture loaded successfully (192x192 | R8G8B8A8 | 1 mipmaps)
INFO: TEXTURE: [ID 12] Texture loaded successfully (512x512 | GRAY_ALPHA | 1 mipmaps)
INFO: FONT: Data loaded successfully (64 pixel size | 98 glyphs)
INFO: TEXTURE: [ID 13] Texture loaded successfully (512x512 | GRAY_ALPHA | 1 mipmaps)
INFO: FONT: Data loaded successfully (64 pixel size | 98 glyphs)
UNSUPPORTED (log once): POSSIBLE ISSUE: unit 1 GLD_TEXTURE_INDEX_2D is unloadable and bound to sampler type (Float) - using zero texture because texture unloadable
INFO: FILEIO: [/Users/oz/AIStuff/MissleCommand/MissileCommandOverdrive/demo_01_intro.png] File saved successfully
INFO: FILEIO: [/Users/oz/AIStuff/MissleCommand/MissileCommandOverdrive/demo_01_intro.png] Image exported successfully
INFO: SYSTEM: [/Users/oz/AIStuff/MissleCommand/MissileCommandOverdrive/demo_01_intro.png] Screenshot taken successfully
INFO: FILEIO: [/Users/oz/AIStuff/MissleCommand/MissileCommandOverdrive/demo_02_wave1.png] File saved successfully
INFO: FILEIO: [/Users/oz/AIStuff/MissleCommand/MissileCommandOverdrive/demo_02_wave1.png] Image exported successfully
INFO: SYSTEM: [/Users/oz/AIStuff/MissleCommand/MissileCommandOverdrive/demo_02_wave1.png] Screenshot taken successfully
INFO: FILEIO: [/Users/oz/AIStuff/MissleCommand/MissileCommandOverdrive/demo_02b_pause.png] File saved successfully
INFO: FILEIO: [/Users/oz/AIStuff/MissleCommand/MissileCommandOverdrive/demo_02b_pause.png] Image exported successfully
INFO: SYSTEM: [/Users/oz/AIStuff/MissleCommand/MissileCommandOverdrive/demo_02b_pause.png] Screenshot taken successfully
INFO: FILEIO: [/Users/oz/AIStuff/MissleCommand/MissileCommandOverdrive/demo_02c_shop.png] File saved successfully
INFO: FILEIO: [/Users/oz/AIStuff/MissleCommand/MissileCommandOverdrive/demo_02c_shop.png] Image exported successfully
INFO: SYSTEM: [/Users/oz/AIStuff/MissleCommand/MissileCommandOverdrive/demo_02c_shop.png] Screenshot taken successfully
INFO: FILEIO: [/Users/oz/AIStuff/MissleCommand/MissileCommandOverdrive/demo_02d_draft.png] File saved successfully
INFO: FILEIO: [/Users/oz/AIStuff/MissleCommand/MissileCommandOverdrive/demo_02d_draft.png] Image exported successfully
INFO: SYSTEM: [/Users/oz/AIStuff/MissleCommand/MissileCommandOverdrive/demo_02d_draft.png] Screenshot taken successfully
INFO: FILEIO: [/Users/oz/AIStuff/MissleCommand/MissileCommandOverdrive/demo_03_hellraiser.png] File saved successfully
INFO: FILEIO: [/Users/oz/AIStuff/MissleCommand/MissileCommandOverdrive/demo_03_hellraiser.png] Image exported successfully
INFO: SYSTEM: [/Users/oz/AIStuff/MissleCommand/MissileCommandOverdrive/demo_03_hellraiser.png] Screenshot taken successfully
INFO: FILEIO: [/Users/oz/AIStuff/MissleCommand/MissileCommandOverdrive/demo_04_emp.png] File saved successfully
INFO: FILEIO: [/Users/oz/AIStuff/MissleCommand/MissileCommandOverdrive/demo_04_emp.png] Image exported successfully
INFO: SYSTEM: [/Users/oz/AIStuff/MissleCommand/MissileCommandOverdrive/demo_04_emp.png] Screenshot taken successfully
INFO: FILEIO: [/Users/oz/AIStuff/MissleCommand/MissileCommandOverdrive/demo_05_theme_xbox.png] File saved successfully
INFO: FILEIO: [/Users/oz/AIStuff/MissleCommand/MissileCommandOverdrive/demo_05_theme_xbox.png] Image exported successfully
INFO: SYSTEM: [/Users/oz/AIStuff/MissleCommand/MissileCommandOverdrive/demo_05_theme_xbox.png] Screenshot taken successfully
INFO: FILEIO: [/Users/oz/AIStuff/MissleCommand/MissileCommandOverdrive/demo_06_theme_recharged.png] File saved successfully
INFO: FILEIO: [/Users/oz/AIStuff/MissleCommand/MissileCommandOverdrive/demo_06_theme_recharged.png] Image exported successfully
INFO: SYSTEM: [/Users/oz/AIStuff/MissleCommand/MissileCommandOverdrive/demo_06_theme_recharged.png] Screenshot taken successfully
INFO: FILEIO: [/Users/oz/AIStuff/MissleCommand/MissileCommandOverdrive/demo_07_mothership.png] File saved successfully
INFO: FILEIO: [/Users/oz/AIStuff/MissleCommand/MissileCommandOverdrive/demo_07_mothership.png] Image exported successfully
INFO: SYSTEM: [/Users/oz/AIStuff/MissleCommand/MissileCommandOverdrive/demo_07_mothership.png] Screenshot taken successfully
INFO: FILEIO: [/Users/oz/AIStuff/MissleCommand/MissileCommandOverdrive/demo_08_mothership_fight.png] File saved successfully
INFO: FILEIO: [/Users/oz/AIStuff/MissleCommand/MissileCommandOverdrive/demo_08_mothership_fight.png] Image exported successfully
INFO: SYSTEM: [/Users/oz/AIStuff/MissleCommand/MissileCommandOverdrive/demo_08_mothership_fight.png] Screenshot taken successfully
INFO: FILEIO: [/Users/oz/AIStuff/MissleCommand/MissileCommandOverdrive/demo_09_demon.png] File saved successfully
INFO: FILEIO: [/Users/oz/AIStuff/MissleCommand/MissileCommandOverdrive/demo_09_demon.png] Image exported successfully
INFO: SYSTEM: [/Users/oz/AIStuff/MissleCommand/MissileCommandOverdrive/demo_09_demon.png] Screenshot taken successfully
INFO: FILEIO: [/Users/oz/AIStuff/MissleCommand/MissileCommandOverdrive/demo_10_wave8_chaos.png] File saved successfully
INFO: FILEIO: [/Users/oz/AIStuff/MissleCommand/MissileCommandOverdrive/demo_10_wave8_chaos.png] Image exported successfully
INFO: SYSTEM: [/Users/oz/AIStuff/MissleCommand/MissileCommandOverdrive/demo_10_wave8_chaos.png] Screenshot taken successfully
INFO: FILEIO: [/Users/oz/AIStuff/MissleCommand/MissileCommandOverdrive/demo_11_wave8_late.png] File saved successfully
INFO: FILEIO: [/Users/oz/AIStuff/MissleCommand/MissileCommandOverdrive/demo_11_wave8_late.png] Image exported successfully
INFO: SYSTEM: [/Users/oz/AIStuff/MissleCommand/MissileCommandOverdrive/demo_11_wave8_late.png] Screenshot taken successfully
INFO: FILEIO: [/Users/oz/AIStuff/MissleCommand/MissileCommandOverdrive/demo_12_final.png] File saved successfully
INFO: FILEIO: [/Users/oz/AIStuff/MissleCommand/MissileCommandOverdrive/demo_12_final.png] Image exported successfully
INFO: SYSTEM: [/Users/oz/AIStuff/MissleCommand/MissileCommandOverdrive/demo_12_final.png] Screenshot taken successfully
INFO: FBO: [ID 1] Unloaded framebuffer from VRAM (GPU)
INFO: FBO: [ID 2] Unloaded framebuffer from VRAM (GPU)
INFO: FBO: [ID 3] Unloaded framebuffer from VRAM (GPU)
INFO: FBO: [ID 4] Unloaded framebuffer from VRAM (GPU)
INFO: FBO: [ID 5] Unloaded framebuffer from VRAM (GPU)
INFO: FBO: [ID 6] Unloaded framebuffer from VRAM (GPU)
INFO: TEXTURE: [ID 9] Unloaded texture data from VRAM (GPU)
INFO: TEXTURE: [ID 10] Unloaded texture data from VRAM (GPU)
INFO: TEXTURE: [ID 11] Unloaded texture data from VRAM (GPU)
INFO: TEXTURE: [ID 12] Unloaded texture data from VRAM (GPU)
INFO: TEXTURE: [ID 13] Unloaded texture data from VRAM (GPU)
INFO: SHADER: [ID 5] Unloaded shader program data from VRAM (GPU)
INFO: SHADER: [ID 6] Unloaded shader program data from VRAM (GPU)
INFO: SHADER: [ID 7] Unloaded shader program data from VRAM (GPU)
INFO: SHADER: [ID 8] Unloaded shader program data from VRAM (GPU)
INFO: STREAM: Unloaded audio stream data from RAM
INFO: AUDIO: Device closed successfully
INFO: TEXTURE: [ID 2] Unloaded texture data from VRAM (GPU)
INFO: SHADER: [ID 3] Default shader unloaded successfully
INFO: TEXTURE: [ID 1] Default texture unloaded successfully
INFO: Window closed successfully
